[?25l[?2004hSession: test-session | Daemon:  | Messages: 0                                  
                                                                                
                                                                                
                                                                                
                                                                                
                                                                                
                                                                                
                                                                                
                                                                                
                                                                                
                                                                                
                                                                                
                                                                                
                                                                                
                                                                                
                                                                                
                                                                                
                                                                                
                                                                                
                                                                                
                                                                                
                                                                                
> > Type a message...                                                           [22AGoodbye![K
[K[J[2K[?2004l[?25h[?1002l[?1003l[?1006l