세션: test | 데몬:  | 메시지: 0                                                 
                                                                                
                                                                                
                                                                                
                                                                                
                                                                                
                                                                                
                                                                                
                                                                                
                                                                                
                                                                                
                                                                                
                                                                                
                                                                                
                                                                                
                                                                                
                                                                                
                                                                                
                                                                                
                                                                                
                                                                                
                                                                                
> > Type a message...                                                           
+----------------------------------+
| Permission Request: Bash        |
+----------------------------------+
|                                  |
| 이 도구 호출을 허용...                   |
| > 이번만 허용                         |
|   항상 허용 (이 도구)                   |
|   이번만 거부                         |
|   항상 거부 (이 도구)                   |
|                                  |
| [Up/Down] navigate [Enter] select|
| [Esc] deny once                  |
+----------------------------------+
