Session: test | Daemon:  | Messages: 0                                          
                                                                                
                                                                                
                                                                                
                                                                                
                                                                                
                                                                                
                                                                                
                                                                                
                                                                                
                                                                                
                                                                                
                                                                                
                                                                                
                                                                                
                                                                                
                                                                                
                                                                                
                                                                                
                                                                                
                                                                                
                                                                                
> > Type a message...                                                           
+----------------------------------+
| Recent sessions                  |
+----------------------------------+
| > session-c                      |
|   session-b                      |
|   session-a                      |
+----------------------------------+
