세션: test | 데몬:  | 메시지: 0                                                 
                                                                                
                                                                                
                                                                                
                                                                                
                                                                                
                                                                                
                                                                                
                                                                                
                                                                                
                                                                                
                                                                                
                                                                                
                                                                                
                                                                                
                                                                                
                                                                                
                                                                                
                                                                                
                                                                                
                                                                                
                                                                                
> > Type a message...                                                           
+----------------------------------+
| 최근 세션                            |
+----------------------------------+
| > session-c                      |
|   session-b                      |
|   session-a                      |
+----------------------------------+
