⠴ Streaming | ↑ 25 tok | ~50 t/s | 0.5s elapsed | Ctrl-C: abort                 
                                                                                
                                                                                
                                                                                
                                                                                
                                                                                
                                                                                
                                                                                
                                                                                
                                                                                
                                                                                
                                                                                
                                                                                
                                                                                
                                                                                
                                                                                
                                                                                
                                                                                
                                                                                
                                                                                
                                                                                
                                                                                
> > Type a message...                                                           